header = 40;
txt = 5;
PS C:\Users\user\Desktop\test> git init
Initialized empty Git repository in C:/Users/user/Desktop/test/.git/
PS C:\Users\user\Desktop\test> git add .
PS C:\Users\user\Desktop\test> git commit -m "First commit"
[master (root-commit) 93ac95d] First commit
 1 file changed, 1 insertion(+)
 create mode 100644 test.txt
PS C:\Users\user\Desktop\test> git remote add origin https://github.com/Ayomide143/test.git
PS C:\Users\user\Desktop\test> git push origin master
Enumerating objects: 3, done.
Counting objects: 100% (3/3), done.
Writing objects: 100% (3/3), 227 bytes | 113.00 KiB/s, done. 
Total 3 (delta 0), reused 0 (delta 0), pack-reused 0 (from 0)
To https://github.com/Ayomide143/test.git
 * [new branch]      master -> master    
PS C:\Users\user\Desktop\test> git push --set-upstream origin master
branch 'master' set up to track 'origin/master'.
Everything up-to-date
PS C:\Users\user\Desktop\test> git add .
PS C:\Users\user\Desktop\test> git commit -m "second commit"
[master d5785f3] second commit
 1 file changed, 2 insertions(+), 1 deletion(-)
PS C:\Users\user\Desktop\test> git push
Enumerating objects: 5, done.
Counting objects: 100% (5/5), done.
Writing objects: 100% (3/3), 263 bytes | 131.00 KiB/s, done. 
Total 3 (delta 0), reused 0 (delta 0), pack-reused 0 (from 0)
To https://github.com/Ayomide143/test.git
   93ac95d..d5785f3  master -> master
PS C:\Users\user\Desktop\test> 